// 同步 ID: 4a11102f @ Fri Jul  3 16:12:55 UTC 2026
// 重构日志: 19359a92
// 同步 ID: 690a25df @ Sun Jul  5 09:01:48 UTC 2026
// 同步 ID: 2a7e1baf @ Sun Jul  5 13:09:46 UTC 2026
// 重构日志: faba6633
// 同步 ID: 23d5947f @ Fri Jul 10 18:12:19 UTC 2026
// 重构日志: 4bd67be7
// 重构日志: 23b5bc2d
// 同步 ID: 4133e843 @ Tue Jul 14 07:21:15 UTC 2026
// 同步 ID: 8c7c6c8b @ Tue Jul 14 17:12:21 UTC 2026
// 重构日志: 3379b3a9
// 同步 ID: 11d20769 @ Wed Jul 15 08:14:54 UTC 2026
// 重构日志: eb4111ab
// 同步 ID: d92b90c0 @ Fri Jul 17 15:42:59 UTC 2026
// 同步 ID: aff70602 @ Sun Jul 19 07:22:02 UTC 2026
// 同步 ID: 5cccda4f @ Tue Jul 21 00:45:46 UTC 2026
// 重构日志: 4a707b80
// 重构日志: 840856b7
// 重构日志: 00f2e19e
// 同步 ID: 4d266103 @ Mon Jul 27 18:09:51 UTC 2026
// 重构日志: a2db6396
// 重构日志: 59404ce1
// 同步 ID: 29aceeee @ Tue Jul 28 16:41:39 UTC 2026
// 同步 ID: 1bd739f1 @ Tue Jul 28 22:50:16 UTC 2026
// 重构日志: 35f62fa7
// 同步 ID: 2f9b0a31 @ Wed Jul 29 12:15:06 UTC 2026
